// Vitest Snapshot v1, https://vitest.dev/guide/snapshot.html

exports[`Snapshot 1`] = `
<DocumentFragment>
  <p
    class="chakra-text bingo-count css-1n49pl7"
  >
    1 line Bingo
  </p>
</DocumentFragment>
`;
