// Vitest Snapshot v1, https://vitest.dev/guide/snapshot.html

exports[`Snapshot 1`] = `
<DocumentFragment>
  <script
    nonce=""
  >
    ((e,i,s,u,m,a,l,h)=&gt;{let d=document.documentElement,w=["light","dark"];function p(n){(Array.isArray(e)?e:[e]).forEach(y=&gt;{let k=y==="class",S=k&&a?m.map(f=&gt;a[f]||f):m;k?(d.classList.remove(...S),d.classList.add(a&&a[n]?a[n]:n)):d.setAttribute(y,n)}),R(n)}function R(n){h&&w.includes(n)&&(d.style.colorScheme=n)}function c(){return window.matchMedia("(prefers-color-scheme: dark)").matches?"dark":"light"}if(u)p(u);else try{let n=localStorage.getItem(i)||s,y=l&&n==="system"?c():n;p(y)}catch(n){}})("class","theme","system",null,["light","dark"],null,true,true)
  </script>
  <div
    class="css-8kn4zf"
  >
    <p
      class="css-uok8h6"
    >
      Contact
    </p>
    <div
      class="css-4ahi23"
    >
      <a
        class="chakra-link css-1kxvchm"
        href="https://github.com/YutaGoto/zelda1-bingo"
        rel="noopener noreferrer"
        target="_blank"
      >
        <svg
          fill="currentColor"
          height="1em"
          stroke="currentColor"
          stroke-width="0"
          viewBox="0 0 24 24"
          width="1em"
          xmlns="http://www.w3.org/2000/svg"
        >
          <path
            d="M21.035 5.257c.91 1.092 1.364 2.366 1.364 3.822 0 5.277-3.002 6.824-5.823 7.279.364.637.455 1.365.455 2.093v3.73c0 .455-.273.728-.637.728a.718.718 0 0 1-.728-.728v-3.73a2.497 2.497 0 0 0-.728-2.093l.455-1.183c2.821-.364 5.733-1.274 5.733-6.187 0-1.183-.455-2.275-1.274-3.185l-.182-.727a4.04 4.04 0 0 0 .09-2.73c-.454.09-1.364.273-2.91 1.365l-.547.09a13.307 13.307 0 0 0-6.55 0l-.547-.09C7.57 2.71 6.66 2.437 6.204 2.437c-.273.91-.273 1.91.09 2.73l-.181.727c-.91.91-1.365 2.093-1.365 3.185 0 4.822 2.73 5.823 5.732 6.187l.364 1.183c-.546.546-.819 1.274-.728 2.002v3.821a.718.718 0 0 1-.728.728.718.718 0 0 1-.728-.728V20.18c-3.002.637-4.185-.91-5.095-2.092-.455-.546-.819-1.001-1.274-1.092-.09-.091-.364-.455-.273-.819.091-.364.455-.637.82-.455.91.182 1.455.91 2 1.547.82 1.092 1.639 2.092 4.095 1.547v-.364c-.09-.728.091-1.456.455-2.093-2.73-.546-5.914-2.093-5.914-7.279 0-1.456.455-2.73 1.365-3.822-.273-1.273-.182-2.638.273-3.73l.455-.364C5.749 1.073 7.023.8 9.66 2.437a13.673 13.673 0 0 1 6.642 0C18.851.708 20.216.98 20.398 1.072l.455.364c.455 1.274.546 2.548.182 3.821z"
          />
        </svg>
         GitHub 
        <svg
          fill="currentColor"
          height="1em"
          stroke="currentColor"
          stroke-width="0"
          viewBox="0 0 24 24"
          width="1em"
          xmlns="http://www.w3.org/2000/svg"
        >
          <path
            d="M10 6V8H5V19H16V14H18V20C18 20.5523 17.5523 21 17 21H4C3.44772 21 3 20.5523 3 20V7C3 6.44772 3.44772 6 4 6H10ZM21 3V11H19L18.9999 6.413L11.2071 14.2071L9.79289 12.7929L17.5849 5H13V3H21Z"
          />
        </svg>
      </a>
      <a
        class="chakra-link css-1kxvchm"
        href="https://twitter.com/gggooottto"
        rel="noopener noreferrer"
        target="_blank"
      >
        <svg
          fill="currentColor"
          height="1em"
          stroke="currentColor"
          stroke-width="0"
          viewBox="0 0 24 24"
          width="1em"
          xmlns="http://www.w3.org/2000/svg"
        >
          <path
            d="M10.4883 14.651L15.25 21H22.25L14.3917 10.5223L20.9308 3H18.2808L13.1643 8.88578L8.75 3H1.75L9.26086 13.0145L2.31915 21H4.96917L10.4883 14.651ZM16.25 19L5.75 5H7.75L18.25 19H16.25Z"
          />
        </svg>
         X(Twitter) 
        <svg
          fill="currentColor"
          height="1em"
          stroke="currentColor"
          stroke-width="0"
          viewBox="0 0 24 24"
          width="1em"
          xmlns="http://www.w3.org/2000/svg"
        >
          <path
            d="M10 6V8H5V19H16V14H18V20C18 20.5523 17.5523 21 17 21H4C3.44772 21 3 20.5523 3 20V7C3 6.44772 3.44772 6 4 6H10ZM21 3V11H19L18.9999 6.413L11.2071 14.2071L9.79289 12.7929L17.5849 5H13V3H21Z"
          />
        </svg>
      </a>
      <a
        class="chakra-link css-1kxvchm"
        href="https://bsky.app/profile/yougoto.dev"
        rel="noopener noreferrer"
        target="_blank"
      >
        <svg
          fill="currentColor"
          height="1em"
          stroke="currentColor"
          stroke-width="0"
          viewBox="0 0 24 24"
          width="1em"
          xmlns="http://www.w3.org/2000/svg"
        >
          <path
            d="M4.90727 3.43929C5.61594 3.56009 6.44016 3.94139 7.48302 4.68685C9.27977 5.97119 10.7687 7.73907 12 9.56361C13.2313 7.73907 14.7202 5.97119 16.517 4.68685C17.5598 3.94139 18.3841 3.56009 19.0927 3.43929C19.8605 3.3084 20.3825 3.50358 20.7082 3.63931C21.7166 4.05956 22 5.22508 22 6.21461C22 6.41649 21.9144 7.5166 21.8148 8.57508C21.7634 9.12088 21.7057 9.68306 21.6486 10.1515C21.5963 10.5804 21.5337 11.0321 21.4587 11.2849C21.1161 12.4395 20.3965 13.2618 19.508 13.8021C20.4453 14.5092 20.7854 15.6583 20.4359 16.7856C19.8393 18.71 17.6991 21.1833 15.6005 21.4037C13.8281 21.5898 12.6662 20.0794 12 18.6449C11.3338 20.0794 10.1719 21.5898 8.39954 21.4037C6.30095 21.1833 4.1607 18.71 3.56408 16.7856C3.21457 15.6583 3.55466 14.5092 4.49197 13.8021C3.60345 13.2618 2.88394 12.4395 2.54132 11.2849C2.46631 11.0321 2.40367 10.5804 2.35139 10.1515C2.29429 9.68306 2.23658 9.12088 2.18521 8.57508C2.08559 7.5166 2 6.41649 2 6.21461C2 5.22508 2.28343 4.05956 3.29182 3.63931C3.61753 3.50358 4.13949 3.3084 4.90727 3.43929ZM4.04911 6.91709C4.11331 7.73486 4.22889 9.02507 4.33669 9.90947C4.36927 10.1767 4.39214 10.4536 4.45863 10.7156C4.85637 12.056 6.38779 12.7978 8.14506 12.603C8.68686 12.5429 9.17695 12.9278 9.24697 13.4684C9.31698 14.009 8.94113 14.5061 8.40191 14.586C7.64608 14.6981 5.08656 14.9425 5.47438 16.1934C5.8312 17.3443 7.32212 19.2796 8.60842 19.4146C9.53606 19.5121 10.1084 18.0211 10.3741 17.3697C10.6489 16.6958 10.8622 15.9903 11.0417 15.3885C11.1681 14.9648 11.5578 14.6744 12 14.6744C12.4422 14.6744 12.8319 14.9648 12.9583 15.3885C13.1378 15.9903 13.3511 16.6958 13.6259 17.3697C13.8916 18.0211 14.4639 19.5121 15.3916 19.4146C16.6779 19.2796 18.1688 17.3443 18.5256 16.1934C18.9134 14.9425 16.3539 14.6981 15.5981 14.586C15.0589 14.5061 14.683 14.009 14.753 13.4684C14.8231 12.9278 15.3131 12.5429 15.8549 12.603C17.6122 12.7978 19.1436 12.0563 19.5413 10.7159C19.61 10.45 19.63 10.18 19.6633 9.90948C19.7711 9.02507 19.8867 7.73486 19.9509 6.91709C19.9876 6.44922 20.1985 5.27964 19.4288 5.41084C19.1429 5.45959 18.6059 5.65205 17.68 6.31391C15.7374 7.70252 13.9749 9.82666 12.891 11.954C12.7203 12.289 12.376 12.5 12 12.5C11.624 12.5 11.2797 12.289 11.109 11.954C10.0251 9.82666 8.26258 7.70252 6.31998 6.31391C5.39406 5.65205 4.85713 5.45959 4.57117 5.41084C3.7874 5.27724 4.01205 6.44504 4.04911 6.91709Z"
          />
        </svg>
         Bluesky 
        <svg
          fill="currentColor"
          height="1em"
          stroke="currentColor"
          stroke-width="0"
          viewBox="0 0 24 24"
          width="1em"
          xmlns="http://www.w3.org/2000/svg"
        >
          <path
            d="M10 6V8H5V19H16V14H18V20C18 20.5523 17.5523 21 17 21H4C3.44772 21 3 20.5523 3 20V7C3 6.44772 3.44772 6 4 6H10ZM21 3V11H19L18.9999 6.413L11.2071 14.2071L9.79289 12.7929L17.5849 5H13V3H21Z"
          />
        </svg>
      </a>
    </div>
  </div>
</DocumentFragment>
`;
