// Vitest Snapshot v1, https://vitest.dev/guide/snapshot.html

exports[`Snapshot 1`] = `
<DocumentFragment>
  <script
    nonce=""
  >
    ((e,r,s,u,d,m,l,h)=&gt;{let c=document.documentElement,v=["light","dark"];function p(i){(Array.isArray(e)?e:[e]).forEach(y=&gt;{let k=y==="class",S=k&&m?d.map(f=&gt;m[f]||f):d;k?(c.classList.remove(...S),c.classList.add(i)):c.setAttribute(y,i)}),R(i)}function R(i){h&&v.includes(i)&&(c.style.colorScheme=i)}function a(){return window.matchMedia("(prefers-color-scheme: dark)").matches?"dark":"light"}if(u)p(u);else try{let i=localStorage.getItem(r)||s,y=l&&i==="system"?a():i;p(y)}catch(i){}})("class","theme","system",null,["light","dark"],null,true,true)
  </script>
  <div
    class="css-0"
  >
    <div
      class="css-1wdlcwn"
    >
      <p
        class="css-1et0nzh"
      >
        0:15:00
      </p>
    </div>
    <div
      class="chakra-group css-6l0f26"
    >
      <button
        class="chakra-button css-1uutad9"
        data-first=""
        data-group-item=""
        style="--group-count: 3; --group-index: 0;"
        type="button"
      >
        Start
      </button>
      <button
        class="chakra-button css-1uutad9"
        data-between=""
        data-group-item=""
        style="--group-count: 3; --group-index: 1;"
        type="button"
      >
        Pause
      </button>
      <button
        class="chakra-button css-p45kro"
        data-group-item=""
        data-last=""
        style="--group-count: 3; --group-index: 2;"
        type="button"
      >
        Reset
      </button>
    </div>
  </div>
</DocumentFragment>
`;
